{"id":0,"name":"Program","children":[{"id":1,"name":"Heading","children":[{"id":2,"name":"t1"}]},{"id":3,"name":"Block","children":[{"id":4,"name":"CompoundStatement","children":[]}]}]}