{"id":0,"name":"Program","children":[{"id":1,"name":"Heading","children":[{"id":2,"name":"t16"}]},{"id":3,"name":"Block","children":[{"id":4,"name":"ConstDefPart","children":[{"id":5,"name":"ConstDef","children":[{"id":6,"name":"identifier = a"},{"id":7,"name":"constant = 1.5"}]},{"id":9,"name":"ConstDef","children":[{"id":10,"name":"identifier = b"},{"id":11,"name":"constant = 2e-3"}]}]},{"id":13,"name":"CompoundStatement","children":[]}]}]}