{"id":0,"name":"Program","children":[{"id":1,"name":"Heading","children":[{"id":2,"name":"t25"}]},{"id":3,"name":"Block","children":[{"id":4,"name":"CompoundStatement","children":[{"id":20,"name":"AssignmentStatement","children":[{"id":5,"name":"LValue","children":[{"id":15,"name":"IndexedVariable","children":[{"id":6,"name":"EntireVariable","children":[{"id":7,"name":"identifier=a"}]},{"id":16,"name":"indexes","children":[{"id":13,"name":"IndexedVariable","children":[{"id":9,"name":"EntireVariable","children":[{"id":10,"name":"identifier=b"}]},{"id":14,"name":"indexes","children":[{"id":12,"name":"0"}]}]}]}]}]},{"id":17,"name":"RValue","children":[{"id":19,"name":"1"}]}]}]}]}]}