{"id":0,"name":"Program","children":[{"id":1,"name":"Heading","children":[{"id":2,"name":"t31"}]},{"id":3,"name":"Block","children":[{"id":4,"name":"CompoundStatement","children":[{"id":17,"name":"AssignmentStatement","children":[{"id":5,"name":"LValue","children":[{"id":6,"name":"EntireVariable","children":[{"id":7,"name":"identifier=a"}]}]},{"id":8,"name":"RValue","children":[{"id":10,"name":"PointerVariable","children":[{"id":15,"name":"IndexedVariable","children":[{"id":11,"name":"EntireVariable","children":[{"id":12,"name":"identifier=b"}]},{"id":16,"name":"indexes","children":[{"id":14,"name":"0"}]}]}]}]}]}]}]}]}