Token parser exception:
Position:1:4
Text:"123.+"
Expected: <DIGIT>
Found:+