{"id":0,"name":"Program","children":[{"id":1,"name":"Heading","children":[{"id":2,"name":"t3"}]},{"id":3,"name":"Block","children":[{"id":4,"name":"CompoundStatement","children":[{"id":13,"name":"AssignmentStatement","children":[{"id":5,"name":"LValue","children":[{"id":7,"name":"EntireVariable","children":[{"id":8,"name":"identifier=a"}]}]},{"id":9,"name":"RValue","children":[{"id":11,"name":"-","children":[{"id":12,"name":"1"}]}]}]},{"id":22,"name":"AssignmentStatement","children":[{"id":14,"name":"LValue","children":[{"id":16,"name":"EntireVariable","children":[{"id":17,"name":"identifier=a"}]}]},{"id":18,"name":"RValue","children":[{"id":20,"name":"+","children":[{"id":21,"name":"1"}]}]}]}]}]}]}