{"id":0,"name":"Program","children":[{"id":1,"name":"Heading","children":[{"id":2,"name":"t4"}]},{"id":3,"name":"Block","children":[{"id":4,"name":"CompoundStatement","children":[{"id":15,"name":"AssignmentStatement","children":[{"id":5,"name":"LValue","children":[{"id":7,"name":"EntireVariable","children":[{"id":8,"name":"identifier=a"}]}]},{"id":9,"name":"RValue","children":[{"id":11,"name":"+","children":[{"id":12,"name":"1"},{"id":14,"name":"2"}]}]}]},{"id":26,"name":"AssignmentStatement","children":[{"id":16,"name":"LValue","children":[{"id":18,"name":"EntireVariable","children":[{"id":19,"name":"identifier=a"}]}]},{"id":20,"name":"RValue","children":[{"id":22,"name":"-","children":[{"id":23,"name":"1"},{"id":25,"name":"2"}]}]}]}]}]}]}