{"id":0,"name":"Program","children":[{"id":1,"name":"Heading","children":[{"id":2,"name":"t7"}]},{"id":3,"name":"Block","children":[{"id":4,"name":"CompoundStatement","children":[{"id":16,"name":"AssignmentStatement","children":[{"id":5,"name":"LValue","children":[{"id":6,"name":"EntireVariable","children":[{"id":7,"name":"identifier=a"}]}]},{"id":8,"name":"RValue","children":[{"id":10,"name":"-","children":[{"id":12,"name":"+","children":[{"id":13,"name":"1"},{"id":15,"name":"2"}]}]}]}]}]}]}]}