{"id":0,"name":"Program","children":[{"id":1,"name":"Heading","children":[{"id":2,"name":"t8"}]},{"id":3,"name":"Block","children":[{"id":4,"name":"CompoundStatement","children":[{"id":22,"name":"AssignmentStatement","children":[{"id":5,"name":"LValue","children":[{"id":7,"name":"EntireVariable","children":[{"id":8,"name":"identifier=a"},{"id":9,"name":"type=integer"}]}]},{"id":10,"name":"RValue","children":[{"id":12,"name":"- : integer","children":[{"id":14,"name":"- : integer","children":[{"id":15,"name":"1: integer"},{"id":18,"name":"+ : integer","children":[{"id":19,"name":"2: integer"},{"id":21,"name":"3: integer"}]}]}]}]}]}]}]}]}