{"id":0,"name":"Program","children":[{"id":1,"name":"Heading","children":[{"id":2,"name":"t10"}]},{"id":3,"name":"Block","children":[{"id":4,"name":"CompoundStatement","children":[{"id":21,"name":"AssignmentStatement","children":[{"id":5,"name":"LValue","children":[{"id":7,"name":"EntireVariable","children":[{"id":8,"name":"identifier=a"},{"id":9,"name":"type=real"}]}]},{"id":10,"name":"RValue","children":[{"id":12,"name":"\/ : real","children":[{"id":13,"name":"convertedTo=real","children":[{"id":14,"name":"* : integer","children":[{"id":15,"name":"1: integer"},{"id":17,"name":"2: integer"}]}]},{"id":19,"name":"convertedTo=real","children":[{"id":20,"name":"3: integer"}]}]}]}]}]}]}]}