{"id":0,"name":"Program","children":[{"id":1,"name":"Heading","children":[{"id":2,"name":"t12"}]},{"id":3,"name":"Block","children":[{"id":5,"name":"CompoundStatement","children":[{"id":23,"name":"AssignmentStatement","children":[{"id":6,"name":"LValue","children":[{"id":8,"name":"EntireVariable","children":[{"id":9,"name":"identifier=a"},{"id":10,"name":"type=real"}]}]},{"id":11,"name":"RValue","children":[{"id":13,"name":"\/ : real","children":[{"id":14,"name":"convertedTo=real","children":[{"id":16,"name":"+ : integer","children":[{"id":17,"name":"1: integer"},{"id":19,"name":"2: integer"}]}]},{"id":21,"name":"convertedTo=real","children":[{"id":22,"name":"3: integer"}]}]}]}]}]}]}]}