{"id":0,"name":"Program","children":[{"id":1,"name":"Heading","children":[{"id":2,"name":"t14"}]},{"id":3,"name":"Block","children":[{"id":5,"name":"ConstDefPart","children":[]},{"id":6,"name":"CompoundStatement","children":[]}]}]}