{"id":0,"name":"Program","children":[{"id":1,"name":"Heading","children":[{"id":2,"name":"t18"}]},{"id":3,"name":"Block","children":[{"id":4,"name":"CompoundStatement","children":[{"id":15,"name":"AssignmentStatement","children":[{"id":5,"name":"LValue","children":[{"id":10,"name":"IndexedVariable","children":[{"id":6,"name":"EntireVariable","children":[{"id":7,"name":"identifier=a"}]},{"id":11,"name":"indexes","children":[{"id":9,"name":"0"}]}]}]},{"id":12,"name":"RValue","children":[{"id":14,"name":"1"}]}]}]}]}]}