{"id":0,"name":"Program","children":[{"id":1,"name":"Heading","children":[{"id":2,"name":"t19"}]},{"id":3,"name":"Block","children":[{"id":4,"name":"CompoundStatement","children":[{"id":20,"name":"AssignmentStatement","children":[{"id":5,"name":"LValue","children":[{"id":14,"name":"IndexedVariable","children":[{"id":7,"name":"EntireVariable","children":[{"id":8,"name":"identifier=a"},{"id":9,"name":"type=ARRAY??_1"}]},{"id":15,"name":"indexes","children":[{"id":11,"name":"0: integer"},{"id":13,"name":"2: integer"}]},{"id":16,"name":"type=integer"}]}]},{"id":17,"name":"RValue","children":[{"id":19,"name":"1: integer"}]}]}]}]}]}