{"id":0,"name":"Program","children":[{"id":1,"name":"Heading","children":[{"id":2,"name":"t20"}]},{"id":3,"name":"Block","children":[{"id":4,"name":"CompoundStatement","children":[{"id":16,"name":"AssignmentStatement","children":[{"id":5,"name":"LValue","children":[{"id":12,"name":"ComponentVariable","children":[{"id":7,"name":"EntireVariable","children":[{"id":8,"name":"identifier=a"},{"id":9,"name":"type=RECORD??_1"}]},{"id":10,"name":"designator=b"},{"id":11,"name":"type=integer"}]}]},{"id":13,"name":"RValue","children":[{"id":15,"name":"1: integer"}]}]}]}]}]}