{"id":0,"name":"Program","children":[{"id":1,"name":"Heading","children":[{"id":2,"name":"t21"}]},{"id":3,"name":"Block","children":[{"id":4,"name":"CompoundStatement","children":[{"id":19,"name":"AssignmentStatement","children":[{"id":5,"name":"LValue","children":[{"id":15,"name":"ComponentVariable","children":[{"id":12,"name":"ComponentVariable","children":[{"id":7,"name":"EntireVariable","children":[{"id":8,"name":"identifier=a"},{"id":9,"name":"type=RECORD??_1"}]},{"id":10,"name":"designator=b"},{"id":11,"name":"type=RECORD??_2"}]},{"id":13,"name":"designator=c"},{"id":14,"name":"type=integer"}]}]},{"id":16,"name":"RValue","children":[{"id":18,"name":"1: integer"}]}]}]}]}]}