{"id":0,"name":"Program","children":[{"id":1,"name":"Heading","children":[{"id":2,"name":"t22"}]},{"id":3,"name":"Block","children":[{"id":4,"name":"CompoundStatement","children":[{"id":18,"name":"AssignmentStatement","children":[{"id":5,"name":"LValue","children":[{"id":14,"name":"ComponentVariable","children":[{"id":11,"name":"IndexedVariable","children":[{"id":7,"name":"EntireVariable","children":[{"id":8,"name":"identifier=a"}]},{"id":12,"name":"indexes","children":[{"id":10,"name":"0"}]}]},{"id":13,"name":"designator=b"}]}]},{"id":15,"name":"RValue","children":[{"id":17,"name":"1"}]}]}]}]}]}