{"id":0,"name":"Program","children":[{"id":1,"name":"Heading","children":[{"id":2,"name":"t23"}]},{"id":3,"name":"Block","children":[{"id":5,"name":"CompoundStatement","children":[{"id":30,"name":"AssignmentStatement","children":[{"id":6,"name":"LValue","children":[{"id":24,"name":"IndexedVariable","children":[{"id":21,"name":"ComponentVariable","children":[{"id":18,"name":"ComponentVariable","children":[{"id":13,"name":"IndexedVariable","children":[{"id":8,"name":"EntireVariable","children":[{"id":9,"name":"identifier=a"},{"id":10,"name":"type=ARRAY??_2"}]},{"id":14,"name":"indexes","children":[{"id":12,"name":"0: integer"}]},{"id":15,"name":"type=myrec"}]},{"id":16,"name":"designator=b"},{"id":17,"name":"type=RECORD??_1"}]},{"id":19,"name":"designator=c"},{"id":20,"name":"type=ARRAY??_1"}]},{"id":25,"name":"indexes","children":[{"id":23,"name":"0: integer"}]},{"id":26,"name":"type=integer"}]}]},{"id":27,"name":"RValue","children":[{"id":29,"name":"1: integer"}]}]}]}]}]}