{"id":0,"name":"Program","children":[{"id":1,"name":"Heading","children":[{"id":2,"name":"t24"}]},{"id":3,"name":"Block","children":[{"id":4,"name":"CompoundStatement","children":[{"id":25,"name":"AssignmentStatement","children":[{"id":5,"name":"LValue","children":[{"id":19,"name":"IndexedVariable","children":[{"id":7,"name":"EntireVariable","children":[{"id":8,"name":"identifier=a"},{"id":9,"name":"type=ARRAY??_1"}]},{"id":20,"name":"indexes","children":[{"id":11,"name":"+ : integer","children":[{"id":12,"name":"1: integer"},{"id":15,"name":"- : integer","children":[{"id":16,"name":"2: integer"},{"id":18,"name":"3: integer"}]}]}]},{"id":21,"name":"type=integer"}]}]},{"id":22,"name":"RValue","children":[{"id":24,"name":"1: integer"}]}]}]}]}]}