{"id":0,"name":"Program","children":[{"id":1,"name":"Heading","children":[{"id":2,"name":"t25"}]},{"id":3,"name":"Block","children":[{"id":4,"name":"CompoundStatement","children":[{"id":25,"name":"AssignmentStatement","children":[{"id":5,"name":"LValue","children":[{"id":19,"name":"IndexedVariable","children":[{"id":7,"name":"EntireVariable","children":[{"id":8,"name":"identifier=a"},{"id":9,"name":"type=ARRAY??_2"}]},{"id":20,"name":"indexes","children":[{"id":16,"name":"IndexedVariable","children":[{"id":11,"name":"EntireVariable","children":[{"id":12,"name":"identifier=b"},{"id":13,"name":"type=ARRAY??_1"}]},{"id":17,"name":"indexes","children":[{"id":15,"name":"0: integer"}]},{"id":18,"name":"type=integer"}]}]},{"id":21,"name":"type=integer"}]}]},{"id":22,"name":"RValue","children":[{"id":24,"name":"1: integer"}]}]}]}]}]}