{"id":0,"name":"Program","children":[{"id":1,"name":"Heading","children":[{"id":2,"name":"t26"}]},{"id":3,"name":"Block","children":[{"id":4,"name":"CompoundStatement","children":[{"id":17,"name":"AssignmentStatement","children":[{"id":5,"name":"LValue","children":[{"id":7,"name":"EntireVariable","children":[{"id":8,"name":"identifier=a"},{"id":9,"name":"type=integer"}]}]},{"id":10,"name":"RValue","children":[{"id":12,"name":"FunctionDesignator","children":[{"id":13,"name":"f"},{"id":15,"name":"ActualParamList","children":{"id":14,"name":"no params"}},{"id":16,"name":"returnType=integer"}]}]}]}]}]}]}