{"id":0,"name":"Program","children":[{"id":1,"name":"Heading","children":[{"id":2,"name":"t27"}]},{"id":3,"name":"Block","children":[{"id":5,"name":"Functions And Procedures","children":[{"id":6,"name":"Function","children":[{"id":7,"name":"f(arg1:integer): integer"},{"id":8,"name":"Block","children":[{"id":10,"name":"CompoundStatement","children":[{"id":21,"name":"AssignmentStatement","children":[{"id":11,"name":"LValue","children":[{"id":13,"name":"EntireVariable","children":[{"id":14,"name":"identifier=result"},{"id":15,"name":"type=integer"}]}]},{"id":16,"name":"RValue","children":[{"id":18,"name":"EntireVariable","children":[{"id":19,"name":"identifier=arg1"},{"id":20,"name":"type=integer"}]}]}]}]}]}]}]},{"id":22,"name":"CompoundStatement","children":[{"id":36,"name":"AssignmentStatement","children":[{"id":23,"name":"LValue","children":[{"id":25,"name":"EntireVariable","children":[{"id":26,"name":"identifier=a"},{"id":27,"name":"type=integer"}]}]},{"id":28,"name":"RValue","children":[{"id":30,"name":"FunctionDesignator","children":[{"id":31,"name":"f"},{"id":34,"name":"ActualParamList","children":[{"id":33,"name":"1: integer"}]},{"id":35,"name":"returnType=integer"}]}]}]}]}]}]}