{"id":0,"name":"Program","children":[{"id":1,"name":"Heading","children":[{"id":2,"name":"t28"}]},{"id":3,"name":"Block","children":[{"id":4,"name":"CompoundStatement","children":[{"id":19,"name":"AssignmentStatement","children":[{"id":5,"name":"LValue","children":[{"id":7,"name":"EntireVariable","children":[{"id":8,"name":"identifier=a"}]}]},{"id":9,"name":"RValue","children":[{"id":11,"name":"FunctionDesignator","children":[{"id":12,"name":"f"},{"id":18,"name":"ActualParamList","children":[{"id":14,"name":"1"},{"id":16,"name":"EntireVariable","children":[{"id":17,"name":"identifier=b"}]}]}]}]}]}]}]}]}