{"id":0,"name":"Program","children":[{"id":1,"name":"Heading","children":[{"id":2,"name":"t29"}]},{"id":3,"name":"Block","children":[{"id":4,"name":"CompoundStatement","children":[{"id":14,"name":"AssignmentStatement","children":[{"id":5,"name":"LValue","children":[{"id":7,"name":"PointerVariable","children":[{"id":8,"name":"EntireVariable","children":[{"id":9,"name":"identifier=a"},{"id":10,"name":"type=POINTER??_1"}]}]}]},{"id":11,"name":"RValue","children":[{"id":13,"name":"1: integer"}]}]}]}]}]}