{"id":0,"name":"Program","children":[{"id":1,"name":"Heading","children":[{"id":2,"name":"t31"}]},{"id":3,"name":"Block","children":[{"id":4,"name":"CompoundStatement","children":[{"id":18,"name":"AssignmentStatement","children":[{"id":5,"name":"LValue","children":[{"id":7,"name":"EntireVariable","children":[{"id":8,"name":"identifier=a"}]}]},{"id":9,"name":"RValue","children":[{"id":11,"name":"PointerVariable","children":[{"id":16,"name":"IndexedVariable","children":[{"id":12,"name":"EntireVariable","children":[{"id":13,"name":"identifier=b"}]},{"id":17,"name":"indexes","children":[{"id":15,"name":"0"}]}]}]}]}]}]}]}]}