{"id":0,"name":"Program","children":[{"id":1,"name":"Heading","children":[{"id":2,"name":"t32"}]},{"id":3,"name":"Block","children":[{"id":4,"name":"CompoundStatement","children":[{"id":19,"name":"AssignmentStatement","children":[{"id":5,"name":"LValue","children":[{"id":7,"name":"EntireVariable","children":[{"id":8,"name":"identifier=a"},{"id":9,"name":"type=integer"}]}]},{"id":10,"name":"RValue","children":[{"id":12,"name":"PointerVariable","children":[{"id":18,"name":"ComponentVariable","children":[{"id":13,"name":"EntireVariable","children":[{"id":14,"name":"identifier=b"},{"id":15,"name":"type=RECORD??_1"}]},{"id":16,"name":"designator=c"},{"id":17,"name":"type=POINTER??_1"}]}]}]}]}]}]}]}