{"id":0,"name":"Program","children":[{"id":1,"name":"Heading","children":[{"id":2,"name":"t33"}]},{"id":3,"name":"Block","children":[{"id":4,"name":"CompoundStatement","children":[{"id":33,"name":"AssignmentStatement","children":[{"id":5,"name":"LValue","children":[{"id":7,"name":"EntireVariable","children":[{"id":8,"name":"identifier=a"},{"id":9,"name":"type=integer"}]}]},{"id":10,"name":"RValue","children":[{"id":30,"name":"IndexedVariable","children":[{"id":12,"name":"PointerVariable","children":[{"id":27,"name":"ComponentVariable","children":[{"id":24,"name":"ComponentVariable","children":[{"id":13,"name":"PointerVariable","children":[{"id":19,"name":"IndexedVariable","children":[{"id":14,"name":"EntireVariable","children":[{"id":15,"name":"identifier=b"},{"id":16,"name":"type=ARRAY??_1"}]},{"id":20,"name":"indexes","children":[{"id":18,"name":"0: integer"}]},{"id":21,"name":"type=POINTER??_2"}]}]},{"id":22,"name":"designator=d"},{"id":23,"name":"type=RECORD??_1"}]},{"id":25,"name":"designator=c"},{"id":26,"name":"type=POINTER??_1"}]}]},{"id":31,"name":"indexes","children":[{"id":29,"name":"1: integer"}]},{"id":32,"name":"type=integer"}]}]}]}]}]}]}