|and|WORD-SYMBOL|and|1:1|
|,|OPERATOR|,|1:4|
|array|WORD-SYMBOL|array|2:1|
|,|OPERATOR|,|2:6|
|begin|WORD-SYMBOL|begin|3:1|
|,|OPERATOR|,|3:6|
|case|WORD-SYMBOL|case|4:1|
|,|OPERATOR|,|4:5|
|const|WORD-SYMBOL|const|5:1|
|,|OPERATOR|,|5:6|
|div|WORD-SYMBOL|div|6:1|
|,|OPERATOR|,|6:4|
|do|WORD-SYMBOL|do|7:1|
|,|OPERATOR|,|7:3|
|downto|WORD-SYMBOL|downto|8:1|
|,|OPERATOR|,|8:7|
|else|WORD-SYMBOL|else|9:1|
|,|OPERATOR|,|9:5|
|end|WORD-SYMBOL|end|10:1|
|,|OPERATOR|,|10:4|
|file|WORD-SYMBOL|file|11:1|
|,|OPERATOR|,|11:5|
|for|WORD-SYMBOL|for|12:1|
|,|OPERATOR|,|12:4|
|function|WORD-SYMBOL|function|13:1|
|,|OPERATOR|,|13:9|
|goto|WORD-SYMBOL|goto|14:1|
|,|OPERATOR|,|14:5|
|if|WORD-SYMBOL|if|15:1|
|,|OPERATOR|,|15:3|
|in|WORD-SYMBOL|in|16:1|
|,|OPERATOR|,|16:3|
|label|WORD-SYMBOL|label|17:1|
|,|OPERATOR|,|17:6|
|mod|WORD-SYMBOL|mod|18:1|
|,|OPERATOR|,|18:4|
|nil|WORD-SYMBOL|nil|19:1|
|,|OPERATOR|,|19:4|
|not|WORD-SYMBOL|not|20:1|
|,|OPERATOR|,|20:4|
|of|WORD-SYMBOL|of|21:1|
|,|OPERATOR|,|21:3|
|or|WORD-SYMBOL|or|22:1|
|,|OPERATOR|,|22:3|
|packed|WORD-SYMBOL|packed|23:1|
|,|OPERATOR|,|23:7|
|procedure|WORD-SYMBOL|procedure|24:1|
|,|OPERATOR|,|24:10|
|program|WORD-SYMBOL|program|25:1|
|,|OPERATOR|,|25:8|
|record|WORD-SYMBOL|record|26:1|
|,|OPERATOR|,|26:7|
|repeat|WORD-SYMBOL|repeat|27:1|
|,|OPERATOR|,|27:7|
|set|WORD-SYMBOL|set|28:1|
|,|OPERATOR|,|28:4|
|then|WORD-SYMBOL|then|29:1|
|,|OPERATOR|,|29:5|
|to|WORD-SYMBOL|to|30:1|
|,|OPERATOR|,|30:3|
|type|WORD-SYMBOL|type|31:1|
|,|OPERATOR|,|31:5|
|until|WORD-SYMBOL|until|32:1|
|,|OPERATOR|,|32:6|
|var|WORD-SYMBOL|var|33:1|
|,|OPERATOR|,|33:4|
|while|WORD-SYMBOL|while|34:1|
|,|OPERATOR|,|34:6|
|with|WORD-SYMBOL|with|35:1|
