|a|IDENTIFIER|a|1:1|
|:=|OPERATOR|:=|1:3|
|'AAA'|CHARACTER STRING|AAA|1:6|
|;|DELIMITER|;|1:11|
|a|IDENTIFIER|a|2:1|
|:=|OPERATOR|:=|2:3|
|';'|CHARACTER STRING|;|2:6|
|;|DELIMITER|;|2:9|
|a|IDENTIFIER|a|3:1|
|:=|OPERATOR|:=|3:3|
|''''|CHARACTER STRING|'|3:6|
|;|DELIMITER|;|3:10|
|a|IDENTIFIER|a|4:1|
|:=|OPERATOR|:=|4:3|
|'Pascal'|CHARACTER STRING|Pascal|4:6|
|;|DELIMITER|;|4:14|
|a|IDENTIFIER|a|5:1|
|:=|OPERATOR|:=|5:3|
|'THIS IS A STRING'|CHARACTER STRING|THIS IS A STRING|5:6|
|;|DELIMITER|;|5:24|
