|123.05e1|UNSIGNED REAL E|123.05e1|1:1|
|.)|OPERATOR|.)|1:9|
