|b|IDENTIFIER|b|1:1|
|be|IDENTIFIER|be|1:3|
|beg|IDENTIFIER|beg|1:6|
|begi|IDENTIFIER|begi|1:10|
|begin|WORD-SYMBOL|begin|1:15|
|begin1|IDENTIFIER|begin1|1:21|
|begin|WORD-SYMBOL|begin|1:28|
|;|DELIMITER|;|1:33|
|begin|WORD-SYMBOL|begin|1:35|
|.|OPERATOR|.|1:40|
|begi|IDENTIFIER|begi|1:42|
|+|OPERATOR|+|1:46|
|begin|WORD-SYMBOL|begin|1:48|
|-|OPERATOR|-|1:53|
