|program|WORD-SYMBOL|program|1:1|
|p1|IDENTIFIER|p1|1:9|
|;|DELIMITER|;|1:11|
|begin|WORD-SYMBOL|begin|2:1|
|a|IDENTIFIER|a|3:5|
|:=|OPERATOR|:=|3:7|
|b|IDENTIFIER|b|3:10|
|;|DELIMITER|;|3:11|
|b|IDENTIFIER|b|4:5|
|:=|OPERATOR|:=|4:7|
|b|IDENTIFIER|b|4:10|
|;|DELIMITER|;|4:11|
|c|IDENTIFIER|c|5:5|
|:=|OPERATOR|:=|5:7|
|b|IDENTIFIER|b|5:10|
|;|DELIMITER|;|5:11|
|end|WORD-SYMBOL|end|6:1|
|.|OPERATOR|.|6:4|
